\BOOKMARK [0][-]{section*.4}{\376\377\000S\000e\000z\000n\000a\000m\000\040\000s\000y\000m\000b\000o\000l\001\157\000\040\000a\000\040\000z\000k\000r\000a\000t\000e\000k}{}% 1
\BOOKMARK [0][-]{section*.6}{\376\377\000\332\000v\000o\000d}{}% 2
\BOOKMARK [0][-]{section*.12}{\376\377\000C\000\355\000l\000e\000\040\000p\000r\000\341\000c\000e}{}% 3
\BOOKMARK [0][-]{chapter.18}{\376\377\000T\000e\000o\000r\000e\000t\000i\000c\000k\000\341\000\040\001\015\000\341\000s\000t}{}% 4
\BOOKMARK [0][-]{section*.19}{\376\377\000T\000e\000o\000r\000e\000t\000i\000c\000k\000\341\000\040\001\015\000\341\000s\000t}{}% 5
\BOOKMARK [1][-]{section.20}{\376\377\000B\000M\000I\0001\0006\0000}{section*.19}% 6
\BOOKMARK [0][-]{chapter.21}{\376\377\000V\000\375\000s\000l\000e\000d\000k\000y\000\040\000s\000t\000u\000d\000e\000n\000t\000s\000k\000\351\000\040\000p\000r\000\341\000c\000e}{}% 7
\BOOKMARK [1][-]{section.22}{\376\377\000P\000r\000o\000g\000r\000a\000m\000o\000v\000\351\000\040\001\131\000e\001\141\000e\000n\000\355}{chapter.21}% 8
\BOOKMARK [1][-]{section.23}{\376\377\000V\000\375\000s\000l\000e\000d\000k\000y\000\040\000m\001\033\001\131\000e\000n\000\355}{chapter.21}% 9
\BOOKMARK [2][-]{subsection.24}{\376\377\000E\000t\000i\000a\000m\000\040\000q\000u\000i\000s\000\040\000q\000u\000a\000m}{section.23}% 10
\BOOKMARK [0][-]{section*.28}{\376\377\000Z\000\341\000v\001\033\000r}{}% 11
\BOOKMARK [0][-]{section*.30}{\376\377\000L\000i\000t\000e\000r\000a\000t\000u\000r\000a}{}% 12
\BOOKMARK [0][-]{section*.32}{\376\377\000S\000e\000z\000n\000a\000m\000\040\000p\001\131\000\355\000l\000o\000h}{}% 13
\BOOKMARK [0][-]{chapter.33}{\376\377\000N\001\033\000k\000t\000e\000r\000\351\000\040\000p\001\131\000\355\000k\000a\000z\000y\000\040\000b\000a\000l\000\355\001\015\000k\000u\000\040\000t\000h\000e\000s\000i\000s\000\040}{}% 14
\BOOKMARK [1][-]{section.34}{\376\377\000P\001\131\000\355\000k\000a\000z\000y\000\040\000p\000r\000o\000\040\000s\000a\000z\000b\000u\000\040\000v\000e\000l\000i\001\015\000i\000n\000\040\000a\000\040\000j\000e\000d\000n\000o\000t\000e\000k\000\040}{chapter.33}% 15
\BOOKMARK [1][-]{section.36}{\376\377\000P\001\131\000\355\000k\000a\000z\000y\000\040\000p\000r\000o\000\040\000s\000a\000z\000b\000u\000\040\000s\000y\000m\000b\000o\000l\001\157\000\040}{chapter.33}% 16
\BOOKMARK [0][-]{chapter.38}{\376\377\000D\000r\000u\000h\000\341\000\040\000p\001\131\000\355\000l\000o\000h\000a\000\040}{}% 17
\BOOKMARK [0][-]{chapter.40}{\376\377\000P\001\131\000\355\000k\000l\000a\000d\000\040\000s\000a\000z\000b\000y\000\040\000z\000d\000r\000o\000j\000o\000v\000\375\000c\000h\000\040\000k\000\363\000d\001\157\000\040}{}% 18
\BOOKMARK [1][-]{section.41}{\376\377\000B\000a\000l\000\355\001\015\000e\000k\000\040\000l\000i\000s\000t\000i\000n\000g\000s\000\040}{chapter.40}% 19
\BOOKMARK [0][-]{chapter.114}{\376\377\000O\000b\000s\000a\000h\000\040\000e\000l\000e\000k\000t\000r\000o\000n\000i\000c\000k\000\351\000\040\000p\001\131\000\355\000l\000o\000h\000y\000\040}{}% 20
