\BOOKMARK [0][-]{chapter.1}{\376\377\000I\000n\000t\000r\000o\000d\000u\000c\000t\000i\000o\000n}{}% 1
\BOOKMARK [0][-]{chapter.2}{\376\377\000A\000b\000s\000t\000r\000a\000c\000t}{}% 2
\BOOKMARK [0][-]{chapter.3}{\376\377\000D\000r\000a\000f\000t\000i\000n\000g\000\040\000t\000h\000e\000\040\000b\000a\000s\000i\000c\000\040\000t\000h\000e\000s\000i\000s\000\040\000s\000t\000r\000u\000c\000t\000u\000r\000e}{}% 3
\BOOKMARK [1][-]{section.3.1}{\376\377\000U\000s\000e\000f\000u\000l\000\040\000h\000i\000n\000t\000s\000\040\000f\000o\000r\000\040\000w\000r\000i\000t\000i\000n\000g\000\040\000a\000\040\000t\000e\000c\000h\000n\000i\000c\000a\000l\000\040\000t\000e\000x\000t}{chapter.3}% 4
\BOOKMARK [1][-]{section.3.2}{\376\377\000W\000h\000o\000\040\000i\000s\000\040\000t\000h\000e\000\040\000t\000a\000r\000g\000e\000t\000\040\000a\000u\000d\000i\000e\000n\000c\000e\000\040\000o\000f\000\040\000a\000\040\000t\000h\000e\000s\000i\000s}{chapter.3}% 5
\BOOKMARK [1][-]{section.3.3}{\376\377\000T\000h\000e\000s\000i\000s\000\040\000s\000t\000r\000u\000c\000t\000u\000r\000e\000\040\040\023\000\040\000F\000i\000v\000e\000\040\000c\000h\000a\000p\000t\000e\000r\000s}{chapter.3}% 6
\BOOKMARK [1][-]{section.3.4}{\376\377\000T\000h\000e\000s\000i\000s\000\040\040\023\000\040\000c\000o\000m\000i\000c\000s\000\040\000e\000d\000i\000t\000i\000o\000n}{chapter.3}% 7
\BOOKMARK [1][-]{section.3.5}{\376\377\000C\000h\000a\000p\000t\000e\000r\000\040\000t\000i\000t\000l\000e\000s}{chapter.3}% 8
\BOOKMARK [1][-]{section.3.6}{\376\377\000G\000e\000n\000e\000r\000a\000l\000\040\000a\000d\000v\000i\000c\000e\000\040\000f\000r\000o\000m\000\040\000e\000x\000p\000e\000r\000i\000e\000n\000c\000e\000d\000\040\000s\000u\000p\000e\000r\000v\000i\000s\000o\000r\000s}{chapter.3}% 9
\BOOKMARK [0][-]{chapter.4}{\376\377\000I\000n\000d\000i\000v\000i\000d\000u\000a\000l\000\040\000t\000h\000e\000s\000i\000s\000\040\000c\000h\000a\000p\000t\000e\000r\000s}{}% 10
\BOOKMARK [1][-]{section.4.1}{\376\377\000T\000a\000b\000l\000e\000\040\000o\000f\000\040\000c\000o\000n\000t\000e\000n\000t\000s}{chapter.4}% 11
\BOOKMARK [1][-]{section.4.2}{\376\377\000I\000n\000t\000r\000o\000d\000u\000c\000t\000i\000o\000n}{chapter.4}% 12
\BOOKMARK [1][-]{section.4.3}{\376\377\000S\000u\000m\000m\000a\000r\000y\000\040\000o\000f\000\040\000t\000h\000e\000\040\000c\000u\000r\000r\000e\000n\000t\000\040\000s\000t\000a\000t\000e}{chapter.4}% 13
\BOOKMARK [1][-]{section.4.4}{\376\377\000D\000a\000t\000a}{chapter.4}% 14
\BOOKMARK [1][-]{section.4.5}{\376\377\000A\000s\000s\000e\000s\000s\000m\000e\000n\000t\000\040\000o\000f\000\040\000t\000h\000e\000\040\000c\000u\000r\000r\000e\000n\000t\000\040\000s\000t\000a\000t\000e\000\040\000a\000n\000d\000\040\000w\000o\000r\000k\000\040\000p\000l\000a\000n\000\040\000\050\000d\000r\000a\000f\000t\000\051}{chapter.4}% 15
\BOOKMARK [1][-]{section.4.6}{\376\377\000U\000s\000e\000r\000\040\000i\000n\000t\000e\000r\000f\000a\000c\000e}{chapter.4}% 16
\BOOKMARK [1][-]{section.4.7}{\376\377\000I\000m\000p\000l\000e\000m\000e\000n\000t\000a\000t\000i\000o\000n}{chapter.4}% 17
\BOOKMARK [1][-]{section.4.8}{\376\377\000T\000e\000s\000t\000i\000n\000g}{chapter.4}% 18
\BOOKMARK [1][-]{section.4.9}{\376\377\000C\000o\000n\000c\000l\000u\000s\000i\000o\000n}{chapter.4}% 19
\BOOKMARK [1][-]{section.4.10}{\376\377\000A\000p\000p\000e\000n\000d\000i\000c\000e\000s}{chapter.4}% 20
\BOOKMARK [0][-]{chapter.5}{\376\377\000R\000u\000l\000e\000s\000\040\000f\000o\000r\000\040\000b\000i\000b\000l\000i\000o\000g\000r\000a\000p\000h\000i\000c\000\040\000c\000i\000t\000a\000t\000i\000o\000n\000s}{}% 21
\BOOKMARK [1][-]{section.5.1}{\376\377\000D\000e\000f\000i\000n\000i\000t\000i\000o\000n\000s}{chapter.5}% 22
\BOOKMARK [1][-]{section.5.2}{\376\377\000U\000s\000i\000n\000g\000\040\000w\000o\000r\000k\000s\000\040\000o\000f\000\040\000o\000t\000h\000e\000r\000s}{chapter.5}% 23
\BOOKMARK [1][-]{section.5.3}{\376\377\000B\000a\000s\000i\000c\000\040\000p\000r\000i\000n\000c\000i\000p\000l\000e\000s\000\040\000o\000f\000\040\000c\000i\000t\000a\000t\000i\000o\000n}{chapter.5}% 24
\BOOKMARK [1][-]{section.5.4}{\376\377\000C\000i\000t\000a\000t\000i\000o\000n\000\040\000s\000t\000a\000n\000d\000a\000r\000d\000s}{chapter.5}% 25
\BOOKMARK [1][-]{section.5.5}{\376\377\000U\000s\000i\000n\000g\000\040\000e\000l\000e\000c\000t\000r\000o\000n\000i\000c\000\040\000s\000o\000u\000r\000c\000e\000s}{chapter.5}% 26
\BOOKMARK [1][-]{section.5.6}{\376\377\000E\000v\000e\000r\000g\000r\000e\000e\000n\000:\000\040\000c\000i\000t\000i\000n\000g\000\040\000w\000e\000b\000\040\000v\000s\000.\000\040\000p\000a\000p\000e\000r}{chapter.5}% 27
\BOOKMARK [1][-]{section.5.7}{\376\377\000T\000y\000p\000e\000s\000e\000t\000t\000i\000n\000g\000\040\000o\000f\000\040\000c\000i\000t\000a\000t\000i\000o\000n\000s}{chapter.5}% 28
\BOOKMARK [0][-]{chapter.6}{\376\377\000F\000o\000r\000m\000a\000l\000\040\000a\000s\000p\000e\000c\000t\000\040\000o\000f\000\040\000a\000\040\000t\000h\000e\000s\000i\000s}{}% 29
\BOOKMARK [1][-]{section.6.1}{\376\377\000C\000o\000m\000m\000o\000n\000\040\000e\000r\000r\000o\000r\000s}{chapter.6}% 30
\BOOKMARK [0][-]{chapter.7}{\376\377\000T\000h\000e\000s\000i\000s\000\040\000s\000u\000b\000m\000i\000s\000s\000i\000o\000n}{}% 31
\BOOKMARK [1][-]{section.7.1}{\376\377\000S\000u\000b\000m\000i\000s\000s\000i\000o\000n\000\040\000o\000f\000\040\000p\000r\000i\000n\000t\000e\000d\000\040\000v\000e\000r\000s\000i\000o\000n\000s\000\040\000o\000f\000\040\000t\000h\000e\000s\000i\000s}{chapter.7}% 32
\BOOKMARK [1][-]{section.7.2}{\376\377\000H\000o\000w\000\040\000t\000o\000\040\000s\000u\000b\000m\000i\000t\000\040\000t\000h\000e\000s\000i\000s\000\040\000i\000n\000\040\000B\000U\000T\000\040\000I\000S}{chapter.7}% 33
\BOOKMARK [0][-]{chapter.8}{\376\377\000C\000o\000n\000c\000l\000u\000s\000i\000o\000n}{}% 34
\BOOKMARK [0][-]{chapter*.63}{\376\377\000B\000i\000b\000l\000i\000o\000g\000r\000a\000p\000h\000y}{}% 35
\BOOKMARK [0][-]{appendix.A}{\376\377\000H\000o\000w\000\040\000t\000o\000\040\000u\000s\000e\000\040\000t\000h\000i\000s\000\040\000t\000e\000m\000p\000l\000a\000t\000e}{}% 36
\BOOKMARK [0][-]{appendix.B}{\376\377\000W\000r\000i\000t\000i\000n\000g\000\040\000e\000n\000g\000l\000i\000s\000h\000\040\000t\000e\000x\000t\000s}{}% 37
\BOOKMARK [0][-]{appendix.C}{\376\377\000C\000h\000e\000c\000k\000l\000i\000s\000t}{}% 38
\BOOKMARK [0][-]{appendix.D}{\376\377\000L\000a\000T\000e\000X\000\040\000f\000o\000r\000\040\000b\000e\000g\000i\000n\000n\000e\000r\000s}{}% 39
\BOOKMARK [0][-]{appendix.E}{\376\377\000T\000h\000e\000s\000i\000s\000\040\000t\000i\000t\000l\000e\000\040\000i\000s\000\040\000t\000o\000o\000\040\000l\000o\000n\000g}{}% 40
\BOOKMARK [1][-]{section.E.1}{\376\377\0001\000s\000t\000\040\000s\000o\000l\000u\000t\000i\000o\000n}{appendix.E}% 41
\BOOKMARK [1][-]{section.E.2}{\376\377\0002\000n\000d\000\040\000s\000o\000l\000u\000t\000i\000o\000n}{appendix.E}% 42
\BOOKMARK [0][-]{appendix.F}{\376\377\000E\000x\000a\000m\000p\000l\000e\000s\000\040\000o\000f\000\040\000b\000i\000b\000l\000i\000o\000g\000r\000a\000p\000h\000i\000c\000\040\000c\000i\000t\000a\000t\000i\000o\000n\000s}{}% 43
